
> payroll-system@1.0.0 build
> next build --no-lint

node.exe :  ΓÜá 
Linting is disabled
At line:1 char:1
+ & "C:\Program Files
\nodejs/node.exe" 
"C:\Program 
Files\nodejs/node_mo 
...
+ ~~~~~~~~~~~~~~~~~~~
~~~~~~~~~~~~~~~~~~~~~
~~~~~~~~~~~~~~~~~~~~~
~~~~~~~~
    + CategoryInfo   
           : NotSpe  
  cified: ( ΓÜá Li   
 nting is disable    
d:String) [], Re    
moteException
    + FullyQualified 
   ErrorId : Native  
  CommandError
 
   Γû▓ Next.js 14.1.0
   - Environments: .env

   Creating an optimized production build ...
 Γ£ô Compiled successfully
   Checking validity of types ...
Failed to compile.

./src/app/api/import/
lifescan/route.ts:331
:42
Type error: Type 
'Map<string, any[]>' 
can only be iterated 
through when using 
the '--downlevelItera
tion' flag or with a 
'--target' of 
'es2015' or higher.

[0m [90m 329 
|[39m[0m
[0m [90m 330 
|[39m         
[90m// 6. Save 
Entries & 
Calculate[39m[0m
[0m[31m[1m>[22m[
39m[90m 331 |[39m  
       [36mfor[39m 
([36mconst[39m [emp
loyeeId[33m,[39m 
rows] [36mof[39m 
employeeEntries) 
{[0m
[0m [90m     
|[39m               
                     
      [31m[1m^[22m
[39m[0m
[0m [90m 332 
|[39m             
[36mconst[39m 
employee [33m=[39m 
employees[33m.[39mf
ind(e [33m=>[39m 
e[33m.[39mid 
[33m===[39m employe
eId)[33m![39m[33m;
[39m[0m
[0m [90m 333 
|[39m             im
portedEmployeeIds[33
m.[39madd(employeeId
)[33m;[39m[0m
[0m [90m 334 
|[39m[0m
